{
    "age": 38,
    "firstName": "jayne",
    "isMale": true,
    "lastName": "cobb"
}
